// Jest Snapshot v1, https://goo.gl/fbAQLP

exports[`snapshot 1`] = `
Array [
  <header
    className="MuiPaper-root MuiAppBar-root MuiAppBar-positionRelative MuiAppBar-colorPrimary MuiPaper-elevation4"
  >
    <div
      className="MuiTabs-root"
    >
      <div
        className="MuiTabs-scroller MuiTabs-fixed"
        onScroll={[Function]}
        style={
          Object {
            "marginBottom": null,
            "overflow": "hidden",
          }
        }
      >
        <div
          className="MuiTabs-flexContainer"
          onKeyDown={[Function]}
          role="tablist"
        >
          <button
            aria-selected={true}
            className="MuiButtonBase-root MuiTab-root MuiTab-textColorInherit makeStyles-tab-5 Mui-selected"
            disabled={false}
            onBlur={[Function]}
            onClick={[Function]}
            onDragLeave={[Function]}
            onFocus={[Function]}
            onKeyDown={[Function]}
            onKeyUp={[Function]}
            onMouseDown={[Function]}
            onMouseLeave={[Function]}
            onMouseUp={[Function]}
            onTouchEnd={[Function]}
            onTouchMove={[Function]}
            onTouchStart={[Function]}
            role="tab"
            tabIndex={0}
            type="button"
          >
            <span
              className="MuiTab-wrapper"
            >
              Ranked
            </span>
            <span
              className="PrivateTabIndicator-root-10 PrivateTabIndicator-colorSecondary-12 MuiTabs-indicator"
              style={Object {}}
            />
          </button>
          <button
            aria-selected={false}
            className="MuiButtonBase-root MuiTab-root MuiTab-textColorInherit makeStyles-tab-5"
            disabled={false}
            onBlur={[Function]}
            onClick={[Function]}
            onDragLeave={[Function]}
            onFocus={[Function]}
            onKeyDown={[Function]}
            onKeyUp={[Function]}
            onMouseDown={[Function]}
            onMouseLeave={[Function]}
            onMouseUp={[Function]}
            onTouchEnd={[Function]}
            onTouchMove={[Function]}
            onTouchStart={[Function]}
            role="tab"
            tabIndex={-1}
            type="button"
          >
            <span
              className="MuiTab-wrapper"
            >
              Normal
            </span>
          </button>
          <button
            aria-selected={false}
            className="MuiButtonBase-root MuiTab-root MuiTab-textColorInherit makeStyles-tab-5"
            disabled={false}
            onBlur={[Function]}
            onClick={[Function]}
            onDragLeave={[Function]}
            onFocus={[Function]}
            onKeyDown={[Function]}
            onKeyUp={[Function]}
            onMouseDown={[Function]}
            onMouseLeave={[Function]}
            onMouseUp={[Function]}
            onTouchEnd={[Function]}
            onTouchMove={[Function]}
            onTouchStart={[Function]}
            role="tab"
            tabIndex={-1}
            type="button"
          >
            <span
              className="MuiTab-wrapper"
            >
              Other
            </span>
          </button>
        </div>
      </div>
    </div>
  </header>,
  <div
    className="MuiPaper-root MuiCard-root makeStyles-card-4 MuiPaper-elevation8 MuiPaper-rounded"
  >
    <div
      className="MuiGrid-root MuiGrid-container"
    >
      <div
        hidden={false}
        id="tabpanel-0"
        role="tabpanel"
        style={
          Object {
            "width": "100%",
          }
        }
      >
        <div>
          <div
            className="MuiGrid-root MuiGrid-container MuiGrid-item"
            style={
              Object {
                "padding": "5px",
              }
            }
          >
            <div
              className="MuiGrid-root MuiGrid-container MuiGrid-item MuiGrid-direction-xs-column MuiGrid-grid-xs-2"
            >
              <img
                alt="Ekko"
                className="makeStyles-img-1"
                src="http://ddragon.leagueoflegends.com/cdn/11.9.1/img/champion/Ekko.png"
              />
            </div>
            <div
              className="MuiGrid-root MuiGrid-container MuiGrid-item MuiGrid-direction-xs-column MuiGrid-grid-xs-4"
            >
              <h5
                className="MuiTypography-root makeStyles-championText-7 MuiTypography-h5"
              >
                Ekko
              </h5>
              <p
                className="MuiTypography-root makeStyles-bottomText-8 MuiTypography-body1"
              >
                Avg. CS 178.6
              </p>
            </div>
            <div
              className="MuiGrid-root MuiGrid-container MuiGrid-item MuiGrid-direction-xs-column MuiGrid-grid-xs-3"
            >
              <p
                className="MuiTypography-root makeStyles-kdaWinrateText-9 MuiTypography-body1"
              >
                8:1 KDA
              </p>
              <p
                className="MuiTypography-root makeStyles-bottomText-8 MuiTypography-body1"
              >
                7/3/17
              </p>
            </div>
            <div
              className="MuiGrid-root MuiGrid-container MuiGrid-item MuiGrid-direction-xs-column MuiGrid-grid-xs-3"
            >
              <p
                className="MuiTypography-root makeStyles-kdaWinrateText-9 MuiTypography-body1"
              >
                58%
              </p>
              <p
                className="MuiTypography-root makeStyles-bottomText-8 MuiTypography-body1"
              >
                137 games
              </p>
            </div>
          </div>
          <hr
            className="MuiDivider-root makeStyles-divider-3"
          />
        </div>
        <div>
          <div
            className="MuiGrid-root makeStyles-firstContainer-2 MuiGrid-container MuiGrid-item"
            style={
              Object {
                "padding": "5px",
              }
            }
          >
            <div
              className="MuiGrid-root MuiGrid-container MuiGrid-item MuiGrid-direction-xs-column MuiGrid-grid-xs-2"
            >
              <img
                alt="Syndra"
                className="makeStyles-img-1"
                src="http://ddragon.leagueoflegends.com/cdn/11.9.1/img/champion/Syndra.png"
              />
            </div>
            <div
              className="MuiGrid-root MuiGrid-container MuiGrid-item MuiGrid-direction-xs-column MuiGrid-grid-xs-4"
            >
              <h5
                className="MuiTypography-root makeStyles-championText-7 MuiTypography-h5"
              >
                Syndra
              </h5>
              <p
                className="MuiTypography-root makeStyles-bottomText-8 MuiTypography-body1"
              >
                Avg. CS 178.6
              </p>
            </div>
            <div
              className="MuiGrid-root MuiGrid-container MuiGrid-item MuiGrid-direction-xs-column MuiGrid-grid-xs-3"
            >
              <p
                className="MuiTypography-root makeStyles-kdaWinrateText-9 MuiTypography-body1"
              >
                8:1 KDA
              </p>
              <p
                className="MuiTypography-root makeStyles-bottomText-8 MuiTypography-body1"
              >
                7/3/17
              </p>
            </div>
            <div
              className="MuiGrid-root MuiGrid-container MuiGrid-item MuiGrid-direction-xs-column MuiGrid-grid-xs-3"
            >
              <p
                className="MuiTypography-root makeStyles-kdaWinrateText-9 MuiTypography-body1"
              >
                58%
              </p>
              <p
                className="MuiTypography-root makeStyles-bottomText-8 MuiTypography-body1"
              >
                137 games
              </p>
            </div>
          </div>
          <hr
            className="MuiDivider-root makeStyles-divider-3"
          />
        </div>
        <div>
          <div
            className="MuiGrid-root makeStyles-firstContainer-2 MuiGrid-container MuiGrid-item"
            style={
              Object {
                "padding": "5px",
              }
            }
          >
            <div
              className="MuiGrid-root MuiGrid-container MuiGrid-item MuiGrid-direction-xs-column MuiGrid-grid-xs-2"
            >
              <img
                alt="Renekton"
                className="makeStyles-img-1"
                src="http://ddragon.leagueoflegends.com/cdn/11.9.1/img/champion/Renekton.png"
              />
            </div>
            <div
              className="MuiGrid-root MuiGrid-container MuiGrid-item MuiGrid-direction-xs-column MuiGrid-grid-xs-4"
            >
              <h5
                className="MuiTypography-root makeStyles-championText-7 MuiTypography-h5"
              >
                Renekton
              </h5>
              <p
                className="MuiTypography-root makeStyles-bottomText-8 MuiTypography-body1"
              >
                Avg. CS 178.6
              </p>
            </div>
            <div
              className="MuiGrid-root MuiGrid-container MuiGrid-item MuiGrid-direction-xs-column MuiGrid-grid-xs-3"
            >
              <p
                className="MuiTypography-root makeStyles-kdaWinrateText-9 MuiTypography-body1"
              >
                8:1 KDA
              </p>
              <p
                className="MuiTypography-root makeStyles-bottomText-8 MuiTypography-body1"
              >
                7/3/17
              </p>
            </div>
            <div
              className="MuiGrid-root MuiGrid-container MuiGrid-item MuiGrid-direction-xs-column MuiGrid-grid-xs-3"
            >
              <p
                className="MuiTypography-root makeStyles-kdaWinrateText-9 MuiTypography-body1"
              >
                58%
              </p>
              <p
                className="MuiTypography-root makeStyles-bottomText-8 MuiTypography-body1"
              >
                137 games
              </p>
            </div>
          </div>
          <hr
            className="MuiDivider-root makeStyles-divider-3"
          />
        </div>
        <div>
          <div
            className="MuiGrid-root makeStyles-firstContainer-2 MuiGrid-container MuiGrid-item"
            style={
              Object {
                "padding": "5px",
              }
            }
          >
            <div
              className="MuiGrid-root MuiGrid-container MuiGrid-item MuiGrid-direction-xs-column MuiGrid-grid-xs-2"
            >
              <img
                alt="Annie"
                className="makeStyles-img-1"
                src="http://ddragon.leagueoflegends.com/cdn/11.9.1/img/champion/Annie.png"
              />
            </div>
            <div
              className="MuiGrid-root MuiGrid-container MuiGrid-item MuiGrid-direction-xs-column MuiGrid-grid-xs-4"
            >
              <h5
                className="MuiTypography-root makeStyles-championText-7 MuiTypography-h5"
              >
                Annie
              </h5>
              <p
                className="MuiTypography-root makeStyles-bottomText-8 MuiTypography-body1"
              >
                Avg. CS 178.6
              </p>
            </div>
            <div
              className="MuiGrid-root MuiGrid-container MuiGrid-item MuiGrid-direction-xs-column MuiGrid-grid-xs-3"
            >
              <p
                className="MuiTypography-root makeStyles-kdaWinrateText-9 MuiTypography-body1"
              >
                8:1 KDA
              </p>
              <p
                className="MuiTypography-root makeStyles-bottomText-8 MuiTypography-body1"
              >
                7/3/17
              </p>
            </div>
            <div
              className="MuiGrid-root MuiGrid-container MuiGrid-item MuiGrid-direction-xs-column MuiGrid-grid-xs-3"
            >
              <p
                className="MuiTypography-root makeStyles-kdaWinrateText-9 MuiTypography-body1"
              >
                58%
              </p>
              <p
                className="MuiTypography-root makeStyles-bottomText-8 MuiTypography-body1"
              >
                137 games
              </p>
            </div>
          </div>
          <hr
            className="MuiDivider-root makeStyles-divider-3"
          />
        </div>
        <div>
          <div
            className="MuiGrid-root makeStyles-firstContainer-2 MuiGrid-container MuiGrid-item"
            style={
              Object {
                "padding": "5px",
              }
            }
          >
            <div
              className="MuiGrid-root MuiGrid-container MuiGrid-item MuiGrid-direction-xs-column MuiGrid-grid-xs-2"
            >
              <img
                alt="Xerath"
                className="makeStyles-img-1"
                src="http://ddragon.leagueoflegends.com/cdn/11.9.1/img/champion/Xerath.png"
              />
            </div>
            <div
              className="MuiGrid-root MuiGrid-container MuiGrid-item MuiGrid-direction-xs-column MuiGrid-grid-xs-4"
            >
              <h5
                className="MuiTypography-root makeStyles-championText-7 MuiTypography-h5"
              >
                Xerath
              </h5>
              <p
                className="MuiTypography-root makeStyles-bottomText-8 MuiTypography-body1"
              >
                Avg. CS 178.6
              </p>
            </div>
            <div
              className="MuiGrid-root MuiGrid-container MuiGrid-item MuiGrid-direction-xs-column MuiGrid-grid-xs-3"
            >
              <p
                className="MuiTypography-root makeStyles-kdaWinrateText-9 MuiTypography-body1"
              >
                8:1 KDA
              </p>
              <p
                className="MuiTypography-root makeStyles-bottomText-8 MuiTypography-body1"
              >
                7/3/17
              </p>
            </div>
            <div
              className="MuiGrid-root MuiGrid-container MuiGrid-item MuiGrid-direction-xs-column MuiGrid-grid-xs-3"
            >
              <p
                className="MuiTypography-root makeStyles-kdaWinrateText-9 MuiTypography-body1"
              >
                58%
              </p>
              <p
                className="MuiTypography-root makeStyles-bottomText-8 MuiTypography-body1"
              >
                137 games
              </p>
            </div>
          </div>
          <hr
            className="MuiDivider-root makeStyles-divider-3"
          />
        </div>
        <div>
          <div
            className="MuiGrid-root makeStyles-firstContainer-2 MuiGrid-container MuiGrid-item"
            style={
              Object {
                "padding": "5px",
              }
            }
          >
            <div
              className="MuiGrid-root MuiGrid-container MuiGrid-item MuiGrid-direction-xs-column MuiGrid-grid-xs-2"
            >
              <img
                alt="Orianna"
                className="makeStyles-img-1"
                src="http://ddragon.leagueoflegends.com/cdn/11.9.1/img/champion/Orianna.png"
              />
            </div>
            <div
              className="MuiGrid-root MuiGrid-container MuiGrid-item MuiGrid-direction-xs-column MuiGrid-grid-xs-4"
            >
              <h5
                className="MuiTypography-root makeStyles-championText-7 MuiTypography-h5"
              >
                Orianna
              </h5>
              <p
                className="MuiTypography-root makeStyles-bottomText-8 MuiTypography-body1"
              >
                Avg. CS 178.6
              </p>
            </div>
            <div
              className="MuiGrid-root MuiGrid-container MuiGrid-item MuiGrid-direction-xs-column MuiGrid-grid-xs-3"
            >
              <p
                className="MuiTypography-root makeStyles-kdaWinrateText-9 MuiTypography-body1"
              >
                8:1 KDA
              </p>
              <p
                className="MuiTypography-root makeStyles-bottomText-8 MuiTypography-body1"
              >
                7/3/17
              </p>
            </div>
            <div
              className="MuiGrid-root MuiGrid-container MuiGrid-item MuiGrid-direction-xs-column MuiGrid-grid-xs-3"
            >
              <p
                className="MuiTypography-root makeStyles-kdaWinrateText-9 MuiTypography-body1"
              >
                58%
              </p>
              <p
                className="MuiTypography-root makeStyles-bottomText-8 MuiTypography-body1"
              >
                137 games
              </p>
            </div>
          </div>
          <hr
            className="MuiDivider-root makeStyles-divider-3"
          />
        </div>
        <div>
          <div
            className="MuiGrid-root makeStyles-firstContainer-2 MuiGrid-container MuiGrid-item"
            style={
              Object {
                "padding": "5px",
              }
            }
          >
            <div
              className="MuiGrid-root MuiGrid-container MuiGrid-item MuiGrid-direction-xs-column MuiGrid-grid-xs-2"
            >
              <img
                alt="Galio"
                className="makeStyles-img-1"
                src="http://ddragon.leagueoflegends.com/cdn/11.9.1/img/champion/Galio.png"
              />
            </div>
            <div
              className="MuiGrid-root MuiGrid-container MuiGrid-item MuiGrid-direction-xs-column MuiGrid-grid-xs-4"
            >
              <h5
                className="MuiTypography-root makeStyles-championText-7 MuiTypography-h5"
              >
                Galio
              </h5>
              <p
                className="MuiTypography-root makeStyles-bottomText-8 MuiTypography-body1"
              >
                Avg. CS 178.6
              </p>
            </div>
            <div
              className="MuiGrid-root MuiGrid-container MuiGrid-item MuiGrid-direction-xs-column MuiGrid-grid-xs-3"
            >
              <p
                className="MuiTypography-root makeStyles-kdaWinrateText-9 MuiTypography-body1"
              >
                8:1 KDA
              </p>
              <p
                className="MuiTypography-root makeStyles-bottomText-8 MuiTypography-body1"
              >
                7/3/17
              </p>
            </div>
            <div
              className="MuiGrid-root MuiGrid-container MuiGrid-item MuiGrid-direction-xs-column MuiGrid-grid-xs-3"
            >
              <p
                className="MuiTypography-root makeStyles-kdaWinrateText-9 MuiTypography-body1"
              >
                58%
              </p>
              <p
                className="MuiTypography-root makeStyles-bottomText-8 MuiTypography-body1"
              >
                137 games
              </p>
            </div>
          </div>
          <hr
            className="MuiDivider-root makeStyles-divider-3"
          />
        </div>
        <div>
          <div
            className="MuiGrid-root makeStyles-firstContainer-2 MuiGrid-container MuiGrid-item"
            style={
              Object {
                "padding": "5px",
              }
            }
          >
            <div
              className="MuiGrid-root MuiGrid-container MuiGrid-item MuiGrid-direction-xs-column MuiGrid-grid-xs-2"
            >
              <img
                alt="Garen"
                className="makeStyles-img-1"
                src="http://ddragon.leagueoflegends.com/cdn/11.9.1/img/champion/Garen.png"
              />
            </div>
            <div
              className="MuiGrid-root MuiGrid-container MuiGrid-item MuiGrid-direction-xs-column MuiGrid-grid-xs-4"
            >
              <h5
                className="MuiTypography-root makeStyles-championText-7 MuiTypography-h5"
              >
                Garen
              </h5>
              <p
                className="MuiTypography-root makeStyles-bottomText-8 MuiTypography-body1"
              >
                Avg. CS 178.6
              </p>
            </div>
            <div
              className="MuiGrid-root MuiGrid-container MuiGrid-item MuiGrid-direction-xs-column MuiGrid-grid-xs-3"
            >
              <p
                className="MuiTypography-root makeStyles-kdaWinrateText-9 MuiTypography-body1"
              >
                8:1 KDA
              </p>
              <p
                className="MuiTypography-root makeStyles-bottomText-8 MuiTypography-body1"
              >
                7/3/17
              </p>
            </div>
            <div
              className="MuiGrid-root MuiGrid-container MuiGrid-item MuiGrid-direction-xs-column MuiGrid-grid-xs-3"
            >
              <p
                className="MuiTypography-root makeStyles-kdaWinrateText-9 MuiTypography-body1"
              >
                58%
              </p>
              <p
                className="MuiTypography-root makeStyles-bottomText-8 MuiTypography-body1"
              >
                137 games
              </p>
            </div>
          </div>
          <hr
            className="MuiDivider-root makeStyles-divider-3"
          />
        </div>
      </div>
      <div
        hidden={true}
        id="tabpanel-1"
        role="tabpanel"
        style={
          Object {
            "width": "100%",
          }
        }
      />
      <div
        hidden={true}
        id="tabpanel-2"
        role="tabpanel"
        style={
          Object {
            "width": "100%",
          }
        }
      />
    </div>
  </div>,
]
`;
