// Jest Snapshot v1, https://goo.gl/fbAQLP

exports[`snapshot test of FriendsComponent 1`] = `<div />`;
